// Jest Snapshot v1, https://goo.gl/fbAQLP

exports[`Qoute Component Should create a Qoute component Snapshot 1`] = `
<div
  className="quote"
>
  <p
    className="quote-loading"
  >
    Loading.
  </p>
</div>
`;
